// Jest Snapshot v1, https://goo.gl/fbAQLP

exports[`IdentityCenterGetPermissionRoleArn Construct(IdentityCenterGetPermissionRoleArn):  Snapshot Test 1`] = `
{
  "Resources": {
    "IdentityCenterGetPermissionRoleArnIdentityCenterGetPermissionRoleArnProviderLambda460834BA": {
      "DependsOn": [
        "IdentityCenterGetPermissionRoleArnIdentityCenterGetPermissionRoleArnProviderLambdaServiceRoleDefaultPolicy64D8678B",
        "IdentityCenterGetPermissionRoleArnIdentityCenterGetPermissionRoleArnProviderLambdaServiceRoleA2C9E0BD",
      ],
      "Properties": {
        "Code": {
          "S3Bucket": {
            "Fn::Sub": "cdk-hnb659fds-assets-\${AWS::AccountId}-\${AWS::Region}",
          },
          "S3Key": "REPLACED-GENERATED-NAME.zip",
        },
        "Handler": "index.handler",
        "Role": {
          "Fn::GetAtt": [
            "IdentityCenterGetPermissionRoleArnIdentityCenterGetPermissionRoleArnProviderLambdaServiceRoleA2C9E0BD",
            "Arn",
          ],
        },
        "Runtime": "nodejs14.x",
        "Timeout": 60,
      },
      "Type": "AWS::Lambda::Function",
    },
    "IdentityCenterGetPermissionRoleArnIdentityCenterGetPermissionRoleArnProviderLambdaServiceRoleA2C9E0BD": {
      "Metadata": {
        "cdk_nag": {
          "rules_to_suppress": [
            {
              "id": "AwsSolutions-IAM4",
              "reason": "AWS Custom resource provider framework-role created by cdk.",
            },
          ],
        },
      },
      "Properties": {
        "AssumeRolePolicyDocument": {
          "Statement": [
            {
              "Action": "sts:AssumeRole",
              "Effect": "Allow",
              "Principal": {
                "Service": "lambda.amazonaws.com",
              },
            },
          ],
          "Version": "2012-10-17",
        },
        "ManagedPolicyArns": [
          {
            "Fn::Join": [
              "",
              [
                "arn:",
                {
                  "Ref": "AWS::Partition",
                },
                ":iam::aws:policy/service-role/AWSLambdaBasicExecutionRole",
              ],
            ],
          },
        ],
      },
      "Type": "AWS::IAM::Role",
    },
    "IdentityCenterGetPermissionRoleArnIdentityCenterGetPermissionRoleArnProviderLambdaServiceRoleDefaultPolicy64D8678B": {
      "Metadata": {
        "cdk_nag": {
          "rules_to_suppress": [
            {
              "id": "AwsSolutions-IAM5",
              "reason": "Allows only specific policy.",
            },
          ],
        },
      },
      "Properties": {
        "PolicyDocument": {
          "Statement": [
            {
              "Action": "iam:ListRoles",
              "Effect": "Allow",
              "Resource": "*",
            },
          ],
          "Version": "2012-10-17",
        },
        "PolicyName": "IdentityCenterGetPermissionRoleArnIdentityCenterGetPermissionRoleArnProviderLambdaServiceRoleDefaultPolicy64D8678B",
        "Roles": [
          {
            "Ref": "IdentityCenterGetPermissionRoleArnIdentityCenterGetPermissionRoleArnProviderLambdaServiceRoleA2C9E0BD",
          },
        ],
      },
      "Type": "AWS::IAM::Policy",
    },
    "IdentityCenterGetPermissionRoleArnframeworkonEventCA48BE05": {
      "DependsOn": [
        "IdentityCenterGetPermissionRoleArnframeworkonEventServiceRoleDefaultPolicy80148248",
        "IdentityCenterGetPermissionRoleArnframeworkonEventServiceRoleD442AB4D",
      ],
      "Properties": {
        "Code": {
          "S3Bucket": {
            "Fn::Sub": "cdk-hnb659fds-assets-\${AWS::AccountId}-\${AWS::Region}",
          },
          "S3Key": "REPLACED-GENERATED-NAME.zip",
        },
        "Description": "AWS CDK resource provider framework - onEvent (Default/IdentityCenterGetPermissionRoleArn/Resource)",
        "Environment": {
          "Variables": {
            "USER_ON_EVENT_FUNCTION_ARN": {
              "Fn::GetAtt": [
                "IdentityCenterGetPermissionRoleArnIdentityCenterGetPermissionRoleArnProviderLambda460834BA",
                "Arn",
              ],
            },
          },
        },
        "Handler": "framework.onEvent",
        "Role": {
          "Fn::GetAtt": [
            "IdentityCenterGetPermissionRoleArnframeworkonEventServiceRoleD442AB4D",
            "Arn",
          ],
        },
        "Runtime": "nodejs14.x",
        "Timeout": 900,
      },
      "Type": "AWS::Lambda::Function",
    },
    "IdentityCenterGetPermissionRoleArnframeworkonEventServiceRoleD442AB4D": {
      "Metadata": {
        "cdk_nag": {
          "rules_to_suppress": [
            {
              "id": "AwsSolutions-IAM4",
              "reason": "AWS Custom resource provider framework-role created by cdk.",
            },
          ],
        },
      },
      "Properties": {
        "AssumeRolePolicyDocument": {
          "Statement": [
            {
              "Action": "sts:AssumeRole",
              "Effect": "Allow",
              "Principal": {
                "Service": "lambda.amazonaws.com",
              },
            },
          ],
          "Version": "2012-10-17",
        },
        "ManagedPolicyArns": [
          {
            "Fn::Join": [
              "",
              [
                "arn:",
                {
                  "Ref": "AWS::Partition",
                },
                ":iam::aws:policy/service-role/AWSLambdaBasicExecutionRole",
              ],
            ],
          },
        ],
      },
      "Type": "AWS::IAM::Role",
    },
    "IdentityCenterGetPermissionRoleArnframeworkonEventServiceRoleDefaultPolicy80148248": {
      "Metadata": {
        "cdk_nag": {
          "rules_to_suppress": [
            {
              "id": "AwsSolutions-IAM5",
              "reason": "Allows only specific policy.",
            },
          ],
        },
      },
      "Properties": {
        "PolicyDocument": {
          "Statement": [
            {
              "Action": "lambda:InvokeFunction",
              "Effect": "Allow",
              "Resource": [
                {
                  "Fn::GetAtt": [
                    "IdentityCenterGetPermissionRoleArnIdentityCenterGetPermissionRoleArnProviderLambda460834BA",
                    "Arn",
                  ],
                },
                {
                  "Fn::Join": [
                    "",
                    [
                      {
                        "Fn::GetAtt": [
                          "IdentityCenterGetPermissionRoleArnIdentityCenterGetPermissionRoleArnProviderLambda460834BA",
                          "Arn",
                        ],
                      },
                      ":*",
                    ],
                  ],
                },
              ],
            },
          ],
          "Version": "2012-10-17",
        },
        "PolicyName": "IdentityCenterGetPermissionRoleArnframeworkonEventServiceRoleDefaultPolicy80148248",
        "Roles": [
          {
            "Ref": "IdentityCenterGetPermissionRoleArnframeworkonEventServiceRoleD442AB4D",
          },
        ],
      },
      "Type": "AWS::IAM::Policy",
    },
    "IdentityCenterGetPermissionRoleArngetPermissionSetRoleArn5C0A4E89": {
      "DeletionPolicy": "Delete",
      "Properties": {
        "ServiceToken": {
          "Fn::GetAtt": [
            "IdentityCenterGetPermissionRoleArnframeworkonEventCA48BE05",
            "Arn",
          ],
        },
        "permissionSetName": "Test",
        "uuid": "REPLACED-UUID",
      },
      "Type": "AWS::CloudFormation::CustomResource",
      "UpdateReplacePolicy": "Delete",
    },
  },
}
`;
